mentiq-redesignfinal/client/src/App.tsx(1,25): error TS2307: Cannot find module '@/components/ui/sonner' or its corresponding type declarations.
mentiq-redesignfinal/client/src/App.tsx(2,33): error TS2307: Cannot find module '@/components/ui/tooltip' or its corresponding type declarations.
mentiq-redesignfinal/client/src/App.tsx(3,22): error TS2307: Cannot find module '@/pages/NotFound' or its corresponding type declarations.
mentiq-redesignfinal/client/src/App.tsx(4,31): error TS2307: Cannot find module 'wouter' or its corresponding type declarations.
mentiq-redesignfinal/client/src/components/Map.tsx(77,23): error TS2688: Cannot find type definition file for '@types/google.maps'.
mentiq-redesignfinal/client/src/components/Map.tsx(80,30): error TS2307: Cannot find module '@/hooks/usePersistFn' or its corresponding type declarations.
mentiq-redesignfinal/client/src/components/Map.tsx(85,21): error TS2304: Cannot find name 'google'.
mentiq-redesignfinal/client/src/components/Map.tsx(89,29): error TS2339: Property 'env' does not exist on type 'ImportMeta'.
mentiq-redesignfinal/client/src/components/Map.tsx(91,15): error TS2339: Property 'env' does not exist on type 'ImportMeta'.
mentiq-redesignfinal/client/src/components/Map.tsx(114,19): error TS2503: Cannot find namespace 'google'.
mentiq-redesignfinal/client/src/components/Map.tsx(116,22): error TS2503: Cannot find namespace 'google'.
mentiq-redesignfinal/client/src/components/Map.tsx(126,22): error TS2503: Cannot find namespace 'google'.
mentiq-redesignfinal/client/src/components/ui/input.tsx(1,10): error TS2305: Module '"@/components/ui/dialog"' has no exported member 'useDialogComposition'.
mentiq-redesignfinal/client/src/components/ui/input.tsx(2,32): error TS2307: Cannot find module '@/hooks/useComposition' or its corresponding type declarations.
mentiq-redesignfinal/client/src/components/ui/input.tsx(23,17): error TS7006: Parameter 'e' implicitly has an 'any' type.
mentiq-redesignfinal/client/src/components/ui/input.tsx(36,25): error TS7006: Parameter 'e' implicitly has an 'any' type.
mentiq-redesignfinal/client/src/components/ui/input.tsx(40,23): error TS7006: Parameter 'e' implicitly has an 'any' type.
mentiq-redesignfinal/client/src/components/ui/sidebar.tsx(12,8): error TS2307: Cannot find module '@/components/ui/sheet' or its corresponding type declarations.
mentiq-redesignfinal/client/src/components/ui/sidebar.tsx(13,26): error TS2307: Cannot find module '@/components/ui/skeleton' or its corresponding type declarations.
mentiq-redesignfinal/client/src/components/ui/sidebar.tsx(19,8): error TS2307: Cannot find module '@/components/ui/tooltip' or its corresponding type declarations.
mentiq-redesignfinal/client/src/components/ui/sidebar.tsx(20,29): error TS2307: Cannot find module '@/hooks/useMobile' or its corresponding type declarations.
mentiq-redesignfinal/client/src/components/ui/textarea.tsx(1,10): error TS2305: Module '"@/components/ui/dialog"' has no exported member 'useDialogComposition'.
mentiq-redesignfinal/client/src/components/ui/textarea.tsx(2,32): error TS2307: Cannot find module '@/hooks/useComposition' or its corresponding type declarations.
mentiq-redesignfinal/client/src/components/ui/textarea.tsx(22,17): error TS7006: Parameter 'e' implicitly has an 'any' type.
mentiq-redesignfinal/client/src/components/ui/textarea.tsx(36,25): error TS7006: Parameter 'e' implicitly has an 'any' type.
mentiq-redesignfinal/client/src/components/ui/textarea.tsx(40,23): error TS7006: Parameter 'e' implicitly has an 'any' type.
mentiq-redesignfinal/client/src/components/ui/toggle-group.tsx(8,32): error TS2307: Cannot find module '@/components/ui/toggle' or its corresponding type declarations.
mentiq-redesignfinal/client/src/const.ts(1,42): error TS2307: Cannot find module '@shared/const' or its corresponding type declarations.
mentiq-redesignfinal/client/src/const.ts(5,38): error TS2339: Property 'env' does not exist on type 'ImportMeta'.
mentiq-redesignfinal/client/src/const.ts(6,29): error TS2339: Property 'env' does not exist on type 'ImportMeta'.
mentiq-redesignfinal/client/src/pages/dashboard/DashboardLayout.tsx(8,35): error TS2307: Cannot find module 'wouter' or its corresponding type declarations.
mentiq-redesignfinal/client/src/pages/dashboard/Overview.tsx(14,22): error TS2307: Cannot find module 'wouter' or its corresponding type declarations.
mentiq-redesignfinal/client/src/pages/Home.tsx(18,22): error TS2307: Cannot find module 'wouter' or its corresponding type declarations.
mentiq-redesignfinal/client/src/pages/NotFound.tsx(4,29): error TS2307: Cannot find module 'wouter' or its corresponding type declarations.
mentiq-redesignfinal/client/src/pages/SignIn.tsx(9,22): error TS2307: Cannot find module 'wouter' or its corresponding type declarations.
mentiq-redesignfinal/server/index.ts(1,21): error TS2307: Cannot find module 'express' or its corresponding type declarations.
mentiq-redesignfinal/server/index.ts(22,17): error TS7006: Parameter '_req' implicitly has an 'any' type.
mentiq-redesignfinal/server/index.ts(22,23): error TS7006: Parameter 'res' implicitly has an 'any' type.
mentiq-redesignfinal/vite.config.ts(1,30): error TS2307: Cannot find module '@builder.io/vite-plugin-jsx-loc' or its corresponding type declarations.
mentiq-redesignfinal/vite.config.ts(2,25): error TS2307: Cannot find module '@tailwindcss/vite' or its corresponding type declarations.
mentiq-redesignfinal/vite.config.ts(3,19): error TS2307: Cannot find module '@vitejs/plugin-react' or its corresponding type declarations.
mentiq-redesignfinal/vite.config.ts(6,63): error TS2307: Cannot find module 'vite' or its corresponding type declarations.
mentiq-redesignfinal/vite.config.ts(7,40): error TS2307: Cannot find module 'vite-plugin-manus-runtime' or its corresponding type declarations.
mentiq-redesignfinal/vite.config.ts(81,24): error TS7006: Parameter 'html' implicitly has an 'any' type.
mentiq-redesignfinal/vite.config.ts(102,50): error TS7006: Parameter 'req' implicitly has an 'any' type.
mentiq-redesignfinal/vite.config.ts(102,55): error TS7006: Parameter 'res' implicitly has an 'any' type.
mentiq-redesignfinal/vite.config.ts(102,60): error TS7006: Parameter 'next' implicitly has an 'any' type.
mentiq-redesignfinal/vite.config.ts(135,25): error TS7006: Parameter 'chunk' implicitly has an 'any' type.
